Archive member included because of file (symbol)

/home/kwilson/PSASGIT/bob4/psas-lpc/lib/libpsaslpc.a(pll.o)
                              ./bob4.o (pll0_run)
/home/kwilson/PSASGIT/bob4/psas-lpc/lib/libpsaslpc.a(helpers.o)
                              ./bob4.o (itoa)
/home/kwilson/PSASGIT/bob4/psas-lpc/lib/libpsaslpc.a(mam.o)
                              /home/kwilson/PSASGIT/bob4/psas-lpc/lib/libpsaslpc.a(pll.o) (write_MAM)
/home/kwilson/PSASGIT/bob4/psas-lpc/lib/libpsaslpc.a(lpc-serial.o)
                              ./bob4.o (serial0Init)
/home/kwilson/PSASGIT/bob4/psas-lpc/lib/libpsaslpc.a(interrupts.o)
                              /home/kwilson/PSASGIT/bob4/psas-lpc/lib/libpsaslpc.a(pll.o) (writeIntEnable)
/home/kwilson/PSASGIT/bob4/psas-lpc/lib/libpsaslpc.a(olimex.o)
                              ./bob4.o (enable_leds)
/home/kwilson/LPCDEV/LPC/2148/arm-elf/lib/libc.a(lib_a-strlen.o)
                              /home/kwilson/PSASGIT/bob4/psas-lpc/lib/libpsaslpc.a(helpers.o) (strlen)

Memory Configuration

Name             Origin             Length             Attributes
flash            0x0000000000000000 0x0000000000080000
ram_isp_low      0x0000000040000120 0x00000000000000df a
ram              0x0000000040000200 0x0000000000007f01
ram_isp_high     0x0000000040007fe0 0x0000000000000020 a
ram_usb_dma      0x000000007fd00000 0x0000000000002000
*default*        0x0000000000000000 0xffffffffffffffff

Linker script and memory map

LOAD ./crt.o
LOAD ./bob4.o
LOAD /home/kwilson/PSASGIT/bob4/psas-lpc/lib/libpsaslpc.a
LOAD /home/kwilson/LPCDEV/LPC/2148/arm-elf/lib/libc.a
LOAD /home/kwilson/LPCDEV/LPC/2148/lib/gcc/arm-elf/4.2.3/libgcc.a
                0x0000000040007edc                _stack_end = 0x40007edc
                0x0000000000000000                . = 0x0

startup
 *(.startup)

.text           0x0000000000000000     0x1b2c
 *(.text)
 .text          0x0000000000000000       0xd8 ./crt.o
                0x0000000000000000                _startup
                0x0000000000000040                Reset_Handler
 .text          0x00000000000000d8      0x1e8 ./bob4.o
                0x0000000000000220                TIMER0_Handler
                0x00000000000002ac                UNDEF_Routine
                0x0000000000000298                SWI_Routine
                0x0000000000000284                FIQ_Routine
                0x00000000000000d8                main
                0x0000000000000270                IRQ_Routine
                0x000000000000018c                initialize
 .text          0x00000000000002c0      0x2f4 /home/kwilson/PSASGIT/bob4/psas-lpc/lib/libpsaslpc.a(pll.o)
                0x0000000000000540                read_PLL1STAT
                0x000000000000056c                write_APBDIV
                0x00000000000002c0                pll0_feed
                0x0000000000000514                read_PLL0STAT
                0x0000000000000404                pll1_feed
                0x0000000000000454                pll1_run
                0x0000000000000310                pll0_run
 .text          0x00000000000005b4      0x1e8 /home/kwilson/PSASGIT/bob4/psas-lpc/lib/libpsaslpc.a(helpers.o)
                0x00000000000005b4                reverse
                0x0000000000000674                itoa
 .text          0x000000000000079c       0xcc /home/kwilson/PSASGIT/bob4/psas-lpc/lib/libpsaslpc.a(mam.o)
                0x000000000000079c                write_MAM
                0x0000000000000844                read_MAMTIM
                0x0000000000000820                read_MAMCR
 .text          0x0000000000000868      0x290 /home/kwilson/PSASGIT/bob4/psas-lpc/lib/libpsaslpc.a(lpc-serial.o)
                0x000000000000094c                serial_getline
                0x0000000000000a08                serial_putchar
                0x0000000000000868                serial0Init
                0x0000000000000a78                serial_putstring
                0x00000000000009c8                serial_getchar
 .text          0x0000000000000af8      0xa18 /home/kwilson/PSASGIT/bob4/psas-lpc/lib/libpsaslpc.a(interrupts.o)
                0x00000000000011bc                disableRTC_INT
                0x000000000000146c                writeIntEnable
                0x000000000000108c                enableTIMER1_INT
                0x0000000000000b74                restoreIRQ
                0x0000000000001114                disableTIMER1_INT
                0x00000000000011dc                enableEINT0
                0x0000000000000c30                enableFIQ
                0x00000000000014e0                readAndClearSoftInt
                0x0000000000000cb4                update_VIC_table
                0x00000000000012f0                disableEINT0
                0x0000000000000bf8                disableFIQ
                0x000000000000144c                readIntEnable
                0x00000000000014c0                clearSoftInt
                0x0000000000001494                readAndClearIntEnable
                0x0000000000000fe4                enableTIMER0_INT
                0x000000000000142c                clearIntEnable
                0x0000000000000fc4                disableWATCHDOG_INT
                0x000000000000140c                disableEINT2
                0x0000000000000f54                enableWATCHDOG_INT
                0x0000000000001134                enableRTC_INT
                0x0000000000000bc0                enableIRQ
                0x0000000000000c68                restoreFIQ
                0x0000000000000af8                disableIRQ
                0x000000000000106c                disableTIMER0_INT
                0x0000000000001310                enableEINT2
 .text          0x0000000000001510      0x4ac /home/kwilson/PSASGIT/bob4/psas-lpc/lib/libpsaslpc.a(olimex.o)
                0x00000000000016b8                led1_on
                0x0000000000001628                led2_invert
                0x0000000000001578                disable_leds
                0x000000000000184c                beep_low
                0x00000000000015c4                led1_invert
                0x000000000000173c                flash_led1
                0x0000000000001978                waitCount
                0x0000000000001710                led2_on
                0x0000000000001868                beep_custom
                0x000000000000168c                led1_off
                0x00000000000017b8                flash_led2
                0x0000000000001834                beep_high
                0x0000000000001510                enable_leds
                0x00000000000016e4                led2_off
 .text          0x00000000000019bc       0x68 /home/kwilson/LPCDEV/LPC/2148/arm-elf/lib/libc.a(lib_a-strlen.o)
                0x00000000000019bc                strlen
 *(.rodata)
 .rodata        0x0000000000001a24      0x108 ./bob4.o
 *(.rodata*)
 *(.glue_7)
 .glue_7        0x0000000000001b2c        0x0 ./crt.o
 .glue_7        0x0000000000001b2c        0x0 ./bob4.o
 .glue_7        0x0000000000001b2c        0x0 /home/kwilson/PSASGIT/bob4/psas-lpc/lib/libpsaslpc.a(pll.o)
 .glue_7        0x0000000000001b2c        0x0 /home/kwilson/PSASGIT/bob4/psas-lpc/lib/libpsaslpc.a(helpers.o)
 .glue_7        0x0000000000001b2c        0x0 /home/kwilson/PSASGIT/bob4/psas-lpc/lib/libpsaslpc.a(mam.o)
 .glue_7        0x0000000000001b2c        0x0 /home/kwilson/PSASGIT/bob4/psas-lpc/lib/libpsaslpc.a(lpc-serial.o)
 .glue_7        0x0000000000001b2c        0x0 /home/kwilson/PSASGIT/bob4/psas-lpc/lib/libpsaslpc.a(interrupts.o)
 .glue_7        0x0000000000001b2c        0x0 /home/kwilson/PSASGIT/bob4/psas-lpc/lib/libpsaslpc.a(olimex.o)
 .glue_7        0x0000000000001b2c        0x0 /home/kwilson/LPCDEV/LPC/2148/arm-elf/lib/libc.a(lib_a-strlen.o)
 *(.glue_7t)
 .glue_7t       0x0000000000001b2c        0x0 ./crt.o
 .glue_7t       0x0000000000001b2c        0x0 ./bob4.o
 .glue_7t       0x0000000000001b2c        0x0 /home/kwilson/PSASGIT/bob4/psas-lpc/lib/libpsaslpc.a(pll.o)
 .glue_7t       0x0000000000001b2c        0x0 /home/kwilson/PSASGIT/bob4/psas-lpc/lib/libpsaslpc.a(helpers.o)
 .glue_7t       0x0000000000001b2c        0x0 /home/kwilson/PSASGIT/bob4/psas-lpc/lib/libpsaslpc.a(mam.o)
 .glue_7t       0x0000000000001b2c        0x0 /home/kwilson/PSASGIT/bob4/psas-lpc/lib/libpsaslpc.a(lpc-serial.o)
 .glue_7t       0x0000000000001b2c        0x0 /home/kwilson/PSASGIT/bob4/psas-lpc/lib/libpsaslpc.a(interrupts.o)
 .glue_7t       0x0000000000001b2c        0x0 /home/kwilson/PSASGIT/bob4/psas-lpc/lib/libpsaslpc.a(olimex.o)
 .glue_7t       0x0000000000001b2c        0x0 /home/kwilson/LPCDEV/LPC/2148/arm-elf/lib/libc.a(lib_a-strlen.o)
                0x0000000000001b2c                _etext = .

.data           0x0000000040000200        0x4 load address 0x0000000000001b2c
                0x0000000040000200                _data = .
 *(.data)
 .data          0x0000000040000200        0x0 ./crt.o
 .data          0x0000000040000200        0x4 ./bob4.o
                0x0000000040000200                PSAS_test
 .data          0x0000000040000204        0x0 /home/kwilson/PSASGIT/bob4/psas-lpc/lib/libpsaslpc.a(pll.o)
 .data          0x0000000040000204        0x0 /home/kwilson/PSASGIT/bob4/psas-lpc/lib/libpsaslpc.a(helpers.o)
 .data          0x0000000040000204        0x0 /home/kwilson/PSASGIT/bob4/psas-lpc/lib/libpsaslpc.a(mam.o)
 .data          0x0000000040000204        0x0 /home/kwilson/PSASGIT/bob4/psas-lpc/lib/libpsaslpc.a(lpc-serial.o)
 .data          0x0000000040000204        0x0 /home/kwilson/PSASGIT/bob4/psas-lpc/lib/libpsaslpc.a(interrupts.o)
 .data          0x0000000040000204        0x0 /home/kwilson/PSASGIT/bob4/psas-lpc/lib/libpsaslpc.a(olimex.o)
 .data          0x0000000040000204        0x0 /home/kwilson/LPCDEV/LPC/2148/arm-elf/lib/libc.a(lib_a-strlen.o)
                0x0000000040000204                _edata = .

.bss            0x0000000040000204       0x98
                0x0000000040000204                _bss_start = .
 *(.bss)
 .bss           0x0000000040000204        0x0 ./crt.o
 .bss           0x0000000040000204       0x20 ./bob4.o
 .bss           0x0000000040000224        0x0 /home/kwilson/PSASGIT/bob4/psas-lpc/lib/libpsaslpc.a(pll.o)
 .bss           0x0000000040000224        0x0 /home/kwilson/PSASGIT/bob4/psas-lpc/lib/libpsaslpc.a(helpers.o)
 .bss           0x0000000040000224        0x0 /home/kwilson/PSASGIT/bob4/psas-lpc/lib/libpsaslpc.a(mam.o)
 .bss           0x0000000040000224       0x78 /home/kwilson/PSASGIT/bob4/psas-lpc/lib/libpsaslpc.a(lpc-serial.o)
 .bss           0x000000004000029c        0x0 /home/kwilson/PSASGIT/bob4/psas-lpc/lib/libpsaslpc.a(interrupts.o)
 .bss           0x000000004000029c        0x0 /home/kwilson/PSASGIT/bob4/psas-lpc/lib/libpsaslpc.a(olimex.o)
 .bss           0x000000004000029c        0x0 /home/kwilson/LPCDEV/LPC/2148/arm-elf/lib/libc.a(lib_a-strlen.o)
                0x000000004000029c                . = ALIGN (0x4)
                0x000000004000029c                _bss_end = .
                0x000000004000029c                _end = .
OUTPUT(bob4.out elf32-littlearm)

.debug_line     0x0000000000000000      0x4da
 .debug_line    0x0000000000000000       0x5f ./crt.o
 .debug_line    0x000000000000005f       0x5f ./bob4.o
 .debug_line    0x00000000000000be       0x85 /home/kwilson/PSASGIT/bob4/psas-lpc/lib/libpsaslpc.a(pll.o)
 .debug_line    0x0000000000000143       0x50 /home/kwilson/PSASGIT/bob4/psas-lpc/lib/libpsaslpc.a(helpers.o)
 .debug_line    0x0000000000000193       0x5b /home/kwilson/PSASGIT/bob4/psas-lpc/lib/libpsaslpc.a(mam.o)
 .debug_line    0x00000000000001ee       0x81 /home/kwilson/PSASGIT/bob4/psas-lpc/lib/libpsaslpc.a(lpc-serial.o)
 .debug_line    0x000000000000026f      0x117 /home/kwilson/PSASGIT/bob4/psas-lpc/lib/libpsaslpc.a(interrupts.o)
 .debug_line    0x0000000000000386       0x89 /home/kwilson/PSASGIT/bob4/psas-lpc/lib/libpsaslpc.a(olimex.o)
 .debug_line    0x000000000000040f       0xcb /home/kwilson/LPCDEV/LPC/2148/arm-elf/lib/libc.a(lib_a-strlen.o)

.debug_info     0x0000000000000000     0x147d
 .debug_info    0x0000000000000000       0x4b ./crt.o
 .debug_info    0x000000000000004b      0x1ce ./bob4.o
 .debug_info    0x0000000000000219      0x26a /home/kwilson/PSASGIT/bob4/psas-lpc/lib/libpsaslpc.a(pll.o)
 .debug_info    0x0000000000000483      0x1a7 /home/kwilson/PSASGIT/bob4/psas-lpc/lib/libpsaslpc.a(helpers.o)
 .debug_info    0x000000000000062a      0x140 /home/kwilson/PSASGIT/bob4/psas-lpc/lib/libpsaslpc.a(mam.o)
 .debug_info    0x000000000000076a      0x2cf /home/kwilson/PSASGIT/bob4/psas-lpc/lib/libpsaslpc.a(lpc-serial.o)
 .debug_info    0x0000000000000a39      0x6d0 /home/kwilson/PSASGIT/bob4/psas-lpc/lib/libpsaslpc.a(interrupts.o)
 .debug_info    0x0000000000001109      0x2a1 /home/kwilson/PSASGIT/bob4/psas-lpc/lib/libpsaslpc.a(olimex.o)
 .debug_info    0x00000000000013aa       0xd3 /home/kwilson/LPCDEV/LPC/2148/arm-elf/lib/libc.a(lib_a-strlen.o)

.debug_abbrev   0x0000000000000000      0x586
 .debug_abbrev  0x0000000000000000       0x14 ./crt.o
 .debug_abbrev  0x0000000000000014       0x8f ./bob4.o
 .debug_abbrev  0x00000000000000a3       0x9c /home/kwilson/PSASGIT/bob4/psas-lpc/lib/libpsaslpc.a(pll.o)
 .debug_abbrev  0x000000000000013f       0x7b /home/kwilson/PSASGIT/bob4/psas-lpc/lib/libpsaslpc.a(helpers.o)
 .debug_abbrev  0x00000000000001ba       0x78 /home/kwilson/PSASGIT/bob4/psas-lpc/lib/libpsaslpc.a(mam.o)
 .debug_abbrev  0x0000000000000232       0xba /home/kwilson/PSASGIT/bob4/psas-lpc/lib/libpsaslpc.a(lpc-serial.o)
 .debug_abbrev  0x00000000000002ec      0x177 /home/kwilson/PSASGIT/bob4/psas-lpc/lib/libpsaslpc.a(interrupts.o)
 .debug_abbrev  0x0000000000000463       0x91 /home/kwilson/PSASGIT/bob4/psas-lpc/lib/libpsaslpc.a(olimex.o)
 .debug_abbrev  0x00000000000004f4       0x92 /home/kwilson/LPCDEV/LPC/2148/arm-elf/lib/libc.a(lib_a-strlen.o)

.debug_aranges  0x0000000000000000      0x120
 .debug_aranges
                0x0000000000000000       0x20 ./crt.o
 .debug_aranges
                0x0000000000000020       0x20 ./bob4.o
 .debug_aranges
                0x0000000000000040       0x20 /home/kwilson/PSASGIT/bob4/psas-lpc/lib/libpsaslpc.a(pll.o)
 .debug_aranges
                0x0000000000000060       0x20 /home/kwilson/PSASGIT/bob4/psas-lpc/lib/libpsaslpc.a(helpers.o)
 .debug_aranges
                0x0000000000000080       0x20 /home/kwilson/PSASGIT/bob4/psas-lpc/lib/libpsaslpc.a(mam.o)
 .debug_aranges
                0x00000000000000a0       0x20 /home/kwilson/PSASGIT/bob4/psas-lpc/lib/libpsaslpc.a(lpc-serial.o)
 .debug_aranges
                0x00000000000000c0       0x20 /home/kwilson/PSASGIT/bob4/psas-lpc/lib/libpsaslpc.a(interrupts.o)
 .debug_aranges
                0x00000000000000e0       0x20 /home/kwilson/PSASGIT/bob4/psas-lpc/lib/libpsaslpc.a(olimex.o)
 .debug_aranges
                0x0000000000000100       0x20 /home/kwilson/LPCDEV/LPC/2148/arm-elf/lib/libc.a(lib_a-strlen.o)

.debug_frame    0x0000000000000000      0x8b8
 .debug_frame   0x0000000000000000       0xf8 ./bob4.o
 .debug_frame   0x00000000000000f8       0xf0 /home/kwilson/PSASGIT/bob4/psas-lpc/lib/libpsaslpc.a(pll.o)
 .debug_frame   0x00000000000001e8       0x50 /home/kwilson/PSASGIT/bob4/psas-lpc/lib/libpsaslpc.a(helpers.o)
 .debug_frame   0x0000000000000238       0x70 /home/kwilson/PSASGIT/bob4/psas-lpc/lib/libpsaslpc.a(mam.o)
 .debug_frame   0x00000000000002a8       0xb0 /home/kwilson/PSASGIT/bob4/psas-lpc/lib/libpsaslpc.a(lpc-serial.o)
 .debug_frame   0x0000000000000358      0x370 /home/kwilson/PSASGIT/bob4/psas-lpc/lib/libpsaslpc.a(interrupts.o)
 .debug_frame   0x00000000000006c8      0x1d0 /home/kwilson/PSASGIT/bob4/psas-lpc/lib/libpsaslpc.a(olimex.o)
 .debug_frame   0x0000000000000898       0x20 /home/kwilson/LPCDEV/LPC/2148/arm-elf/lib/libc.a(lib_a-strlen.o)

.debug_loc      0x0000000000000000      0xad0
 .debug_loc     0x0000000000000000      0x126 ./bob4.o
 .debug_loc     0x0000000000000126      0x126 /home/kwilson/PSASGIT/bob4/psas-lpc/lib/libpsaslpc.a(pll.o)
 .debug_loc     0x000000000000024c       0x54 /home/kwilson/PSASGIT/bob4/psas-lpc/lib/libpsaslpc.a(helpers.o)
 .debug_loc     0x00000000000002a0       0x7e /home/kwilson/PSASGIT/bob4/psas-lpc/lib/libpsaslpc.a(mam.o)
 .debug_loc     0x000000000000031e       0xd2 /home/kwilson/PSASGIT/bob4/psas-lpc/lib/libpsaslpc.a(lpc-serial.o)
 .debug_loc     0x00000000000003f0      0x46e /home/kwilson/PSASGIT/bob4/psas-lpc/lib/libpsaslpc.a(interrupts.o)
 .debug_loc     0x000000000000085e      0x24c /home/kwilson/PSASGIT/bob4/psas-lpc/lib/libpsaslpc.a(olimex.o)
 .debug_loc     0x0000000000000aaa       0x26 /home/kwilson/LPCDEV/LPC/2148/arm-elf/lib/libc.a(lib_a-strlen.o)

.debug_pubnames
                0x0000000000000000      0x4bf
 .debug_pubnames
                0x0000000000000000       0x8d ./bob4.o
 .debug_pubnames
                0x000000000000008d       0x7d /home/kwilson/PSASGIT/bob4/psas-lpc/lib/libpsaslpc.a(pll.o)
 .debug_pubnames
                0x000000000000010a       0x27 /home/kwilson/PSASGIT/bob4/psas-lpc/lib/libpsaslpc.a(helpers.o)
 .debug_pubnames
                0x0000000000000131       0x3f /home/kwilson/PSASGIT/bob4/psas-lpc/lib/libpsaslpc.a(mam.o)
 .debug_pubnames
                0x0000000000000170       0x70 /home/kwilson/PSASGIT/bob4/psas-lpc/lib/libpsaslpc.a(lpc-serial.o)
 .debug_pubnames
                0x00000000000001e0      0x1e6 /home/kwilson/PSASGIT/bob4/psas-lpc/lib/libpsaslpc.a(interrupts.o)
 .debug_pubnames
                0x00000000000003c6       0xdc /home/kwilson/PSASGIT/bob4/psas-lpc/lib/libpsaslpc.a(olimex.o)
 .debug_pubnames
                0x00000000000004a2       0x1d /home/kwilson/LPCDEV/LPC/2148/arm-elf/lib/libc.a(lib_a-strlen.o)

.comment        0x0000000000000000       0x90
 .comment       0x0000000000000000       0x12 ./bob4.o
 .comment       0x0000000000000012       0x12 /home/kwilson/PSASGIT/bob4/psas-lpc/lib/libpsaslpc.a(pll.o)
 .comment       0x0000000000000024       0x12 /home/kwilson/PSASGIT/bob4/psas-lpc/lib/libpsaslpc.a(helpers.o)
 .comment       0x0000000000000036       0x12 /home/kwilson/PSASGIT/bob4/psas-lpc/lib/libpsaslpc.a(mam.o)
 .comment       0x0000000000000048       0x12 /home/kwilson/PSASGIT/bob4/psas-lpc/lib/libpsaslpc.a(lpc-serial.o)
 .comment       0x000000000000005a       0x12 /home/kwilson/PSASGIT/bob4/psas-lpc/lib/libpsaslpc.a(interrupts.o)
 .comment       0x000000000000006c       0x12 /home/kwilson/PSASGIT/bob4/psas-lpc/lib/libpsaslpc.a(olimex.o)
 .comment       0x000000000000007e       0x12 /home/kwilson/LPCDEV/LPC/2148/arm-elf/lib/libc.a(lib_a-strlen.o)

.debug_str      0x0000000000000000      0x105
 .debug_str     0x0000000000000000       0x21 /home/kwilson/PSASGIT/bob4/psas-lpc/lib/libpsaslpc.a(pll.o)
 .debug_str     0x0000000000000021       0x19 /home/kwilson/PSASGIT/bob4/psas-lpc/lib/libpsaslpc.a(interrupts.o)
 .debug_str     0x000000000000003a       0xcb /home/kwilson/LPCDEV/LPC/2148/arm-elf/lib/libc.a(lib_a-strlen.o)
                                        0x104 (size before relaxing)
