Archive member included because of file (symbol)

/home/kwilson/PSASGIT/bob4/psas-lpc/lib/libpsaslpc.a(pll.o)
                              ./bob4.o (pll0_run)
/home/kwilson/PSASGIT/bob4/psas-lpc/lib/libpsaslpc.a(helpers.o)
                              ./bob4.o (itoa)
/home/kwilson/PSASGIT/bob4/psas-lpc/lib/libpsaslpc.a(mam.o)
                              /home/kwilson/PSASGIT/bob4/psas-lpc/lib/libpsaslpc.a(pll.o) (write_MAM)
/home/kwilson/PSASGIT/bob4/psas-lpc/lib/libpsaslpc.a(lpc-serial.o)
                              ./bob4.o (serial0Init)
/home/kwilson/PSASGIT/bob4/psas-lpc/lib/libpsaslpc.a(interrupts.o)
                              /home/kwilson/PSASGIT/bob4/psas-lpc/lib/libpsaslpc.a(pll.o) (writeIntEnable)
/home/kwilson/PSASGIT/bob4/psas-lpc/lib/libpsaslpc.a(olimex.o)
                              ./bob4.o (enable_leds)
/home/kwilson/LPCDEV/LPC/2148/arm-elf/lib/libc.a(lib_a-strlen.o)
                              /home/kwilson/PSASGIT/bob4/psas-lpc/lib/libpsaslpc.a(lpc-serial.o) (strlen)
/home/kwilson/LPCDEV/LPC/2148/lib/gcc/arm-elf/4.2.3/libgcc.a(_divsi3.o)
                              /home/kwilson/PSASGIT/bob4/psas-lpc/lib/libpsaslpc.a(helpers.o) (__divsi3)
/home/kwilson/LPCDEV/LPC/2148/lib/gcc/arm-elf/4.2.3/libgcc.a(_modsi3.o)
                              /home/kwilson/PSASGIT/bob4/psas-lpc/lib/libpsaslpc.a(helpers.o) (__modsi3)
/home/kwilson/LPCDEV/LPC/2148/lib/gcc/arm-elf/4.2.3/libgcc.a(_dvmd_tls.o)
                              /home/kwilson/LPCDEV/LPC/2148/lib/gcc/arm-elf/4.2.3/libgcc.a(_divsi3.o) (__div0)

Memory Configuration

Name             Origin             Length             Attributes
flash            0x0000000000000000 0x0000000000080000
ram_isp_low      0x0000000040000120 0x00000000000000df a
ram              0x0000000040000200 0x0000000000007f01
ram_isp_high     0x0000000040007fe0 0x0000000000000020 a
ram_usb_dma      0x000000007fd00000 0x0000000000002000
*default*        0x0000000000000000 0xffffffffffffffff

Linker script and memory map

LOAD ./crt.o
LOAD ./bob4.o
LOAD /home/kwilson/PSASGIT/bob4/psas-lpc/lib/libpsaslpc.a
LOAD /home/kwilson/LPCDEV/LPC/2148/arm-elf/lib/libc.a
LOAD /home/kwilson/LPCDEV/LPC/2148/lib/gcc/arm-elf/4.2.3/libgcc.a
                0x0000000040007edc                _stack_end = 0x40007edc
                0x0000000000000000                . = 0x0

startup
 *(.startup)

.text           0x0000000000000000     0x1e90
 *(.text)
 .text          0x0000000000000000       0xd8 ./crt.o
                0x0000000000000000                _startup
                0x0000000000000040                Reset_Handler
 .text          0x00000000000000d8      0x3b8 ./bob4.o
                0x00000000000003f0                TIMER0_Handler
                0x000000000000047c                UNDEF_Routine
                0x0000000000000468                SWI_Routine
                0x0000000000000454                FIQ_Routine
                0x00000000000000d8                main
                0x0000000000000440                IRQ_Routine
                0x0000000000000354                initialize
 .text          0x0000000000000490      0x2f4 /home/kwilson/PSASGIT/bob4/psas-lpc/lib/libpsaslpc.a(pll.o)
                0x0000000000000710                read_PLL1STAT
                0x000000000000073c                write_APBDIV
                0x0000000000000490                pll0_feed
                0x00000000000006e4                read_PLL0STAT
                0x00000000000005d4                pll1_feed
                0x0000000000000624                pll1_run
                0x00000000000004e0                pll0_run
 .text          0x0000000000000784       0xcc /home/kwilson/PSASGIT/bob4/psas-lpc/lib/libpsaslpc.a(helpers.o)
                0x0000000000000784                itoa
 .text          0x0000000000000850       0xcc /home/kwilson/PSASGIT/bob4/psas-lpc/lib/libpsaslpc.a(mam.o)
                0x0000000000000850                write_MAM
                0x00000000000008f8                read_MAMTIM
                0x00000000000008d4                read_MAMCR
 .text          0x000000000000091c      0x290 /home/kwilson/PSASGIT/bob4/psas-lpc/lib/libpsaslpc.a(lpc-serial.o)
                0x0000000000000a00                serial_getline
                0x0000000000000abc                serial_putchar
                0x000000000000091c                serial0Init
                0x0000000000000b2c                serial_putstring
                0x0000000000000a7c                serial_getchar
 .text          0x0000000000000bac      0xa18 /home/kwilson/PSASGIT/bob4/psas-lpc/lib/libpsaslpc.a(interrupts.o)
                0x0000000000001270                disableRTC_INT
                0x0000000000001520                writeIntEnable
                0x0000000000001140                enableTIMER1_INT
                0x0000000000000c28                restoreIRQ
                0x00000000000011c8                disableTIMER1_INT
                0x0000000000001290                enableEINT0
                0x0000000000000ce4                enableFIQ
                0x0000000000001594                readAndClearSoftInt
                0x0000000000000d68                update_VIC_table
                0x00000000000013a4                disableEINT0
                0x0000000000000cac                disableFIQ
                0x0000000000001500                readIntEnable
                0x0000000000001574                clearSoftInt
                0x0000000000001548                readAndClearIntEnable
                0x0000000000001098                enableTIMER0_INT
                0x00000000000014e0                clearIntEnable
                0x0000000000001078                disableWATCHDOG_INT
                0x00000000000014c0                disableEINT2
                0x0000000000001008                enableWATCHDOG_INT
                0x00000000000011e8                enableRTC_INT
                0x0000000000000c74                enableIRQ
                0x0000000000000d1c                restoreFIQ
                0x0000000000000bac                disableIRQ
                0x0000000000001120                disableTIMER0_INT
                0x00000000000013c4                enableEINT2
 .text          0x00000000000015c4      0x4ac /home/kwilson/PSASGIT/bob4/psas-lpc/lib/libpsaslpc.a(olimex.o)
                0x000000000000176c                led1_on
                0x00000000000016dc                led2_invert
                0x000000000000162c                disable_leds
                0x0000000000001900                beep_low
                0x0000000000001678                led1_invert
                0x00000000000017f0                flash_led1
                0x0000000000001a2c                waitCount
                0x00000000000017c4                led2_on
                0x000000000000191c                beep_custom
                0x0000000000001740                led1_off
                0x000000000000186c                flash_led2
                0x00000000000018e8                beep_high
                0x00000000000015c4                enable_leds
                0x0000000000001798                led2_off
 .text          0x0000000000001a70       0x68 /home/kwilson/LPCDEV/LPC/2148/arm-elf/lib/libc.a(lib_a-strlen.o)
                0x0000000000001a70                strlen
 .text          0x0000000000001ad8      0x140 /home/kwilson/LPCDEV/LPC/2148/lib/gcc/arm-elf/4.2.3/libgcc.a(_divsi3.o)
                0x0000000000001ad8                __aeabi_idiv
                0x0000000000001ad8                __divsi3
                0x0000000000001c00                __aeabi_idivmod
 .text          0x0000000000001c18       0xe4 /home/kwilson/LPCDEV/LPC/2148/lib/gcc/arm-elf/4.2.3/libgcc.a(_modsi3.o)
                0x0000000000001c18                __modsi3
 .text          0x0000000000001cfc        0x4 /home/kwilson/LPCDEV/LPC/2148/lib/gcc/arm-elf/4.2.3/libgcc.a(_dvmd_tls.o)
                0x0000000000001cfc                __aeabi_ldiv0
                0x0000000000001cfc                __div0
                0x0000000000001cfc                __aeabi_idiv0
 *(.rodata)
 .rodata        0x0000000000001d00      0x178 ./bob4.o
 .rodata        0x0000000000001e78       0x18 /home/kwilson/PSASGIT/bob4/psas-lpc/lib/libpsaslpc.a(helpers.o)
 *(.rodata*)
 *(.glue_7)
 .glue_7        0x0000000000001e90        0x0 ./crt.o
 .glue_7        0x0000000000001e90        0x0 ./bob4.o
 .glue_7        0x0000000000001e90        0x0 /home/kwilson/PSASGIT/bob4/psas-lpc/lib/libpsaslpc.a(pll.o)
 .glue_7        0x0000000000001e90        0x0 /home/kwilson/PSASGIT/bob4/psas-lpc/lib/libpsaslpc.a(helpers.o)
 .glue_7        0x0000000000001e90        0x0 /home/kwilson/PSASGIT/bob4/psas-lpc/lib/libpsaslpc.a(mam.o)
 .glue_7        0x0000000000001e90        0x0 /home/kwilson/PSASGIT/bob4/psas-lpc/lib/libpsaslpc.a(lpc-serial.o)
 .glue_7        0x0000000000001e90        0x0 /home/kwilson/PSASGIT/bob4/psas-lpc/lib/libpsaslpc.a(interrupts.o)
 .glue_7        0x0000000000001e90        0x0 /home/kwilson/PSASGIT/bob4/psas-lpc/lib/libpsaslpc.a(olimex.o)
 .glue_7        0x0000000000001e90        0x0 /home/kwilson/LPCDEV/LPC/2148/arm-elf/lib/libc.a(lib_a-strlen.o)
 .glue_7        0x0000000000001e90        0x0 /home/kwilson/LPCDEV/LPC/2148/lib/gcc/arm-elf/4.2.3/libgcc.a(_divsi3.o)
 .glue_7        0x0000000000001e90        0x0 /home/kwilson/LPCDEV/LPC/2148/lib/gcc/arm-elf/4.2.3/libgcc.a(_modsi3.o)
 .glue_7        0x0000000000001e90        0x0 /home/kwilson/LPCDEV/LPC/2148/lib/gcc/arm-elf/4.2.3/libgcc.a(_dvmd_tls.o)
 *(.glue_7t)
 .glue_7t       0x0000000000001e90        0x0 ./crt.o
 .glue_7t       0x0000000000001e90        0x0 ./bob4.o
 .glue_7t       0x0000000000001e90        0x0 /home/kwilson/PSASGIT/bob4/psas-lpc/lib/libpsaslpc.a(pll.o)
 .glue_7t       0x0000000000001e90        0x0 /home/kwilson/PSASGIT/bob4/psas-lpc/lib/libpsaslpc.a(helpers.o)
 .glue_7t       0x0000000000001e90        0x0 /home/kwilson/PSASGIT/bob4/psas-lpc/lib/libpsaslpc.a(mam.o)
 .glue_7t       0x0000000000001e90        0x0 /home/kwilson/PSASGIT/bob4/psas-lpc/lib/libpsaslpc.a(lpc-serial.o)
 .glue_7t       0x0000000000001e90        0x0 /home/kwilson/PSASGIT/bob4/psas-lpc/lib/libpsaslpc.a(interrupts.o)
 .glue_7t       0x0000000000001e90        0x0 /home/kwilson/PSASGIT/bob4/psas-lpc/lib/libpsaslpc.a(olimex.o)
 .glue_7t       0x0000000000001e90        0x0 /home/kwilson/LPCDEV/LPC/2148/arm-elf/lib/libc.a(lib_a-strlen.o)
 .glue_7t       0x0000000000001e90        0x0 /home/kwilson/LPCDEV/LPC/2148/lib/gcc/arm-elf/4.2.3/libgcc.a(_divsi3.o)
 .glue_7t       0x0000000000001e90        0x0 /home/kwilson/LPCDEV/LPC/2148/lib/gcc/arm-elf/4.2.3/libgcc.a(_modsi3.o)
 .glue_7t       0x0000000000001e90        0x0 /home/kwilson/LPCDEV/LPC/2148/lib/gcc/arm-elf/4.2.3/libgcc.a(_dvmd_tls.o)
                0x0000000000001e90                _etext = .

.data           0x0000000040000200        0x8 load address 0x0000000000001e90
                0x0000000040000200                _data = .
 *(.data)
 .data          0x0000000040000200        0x0 ./crt.o
 .data          0x0000000040000200        0x8 ./bob4.o
                0x0000000040000200                CRAWL_string
                0x0000000040000204                PSAS_test
 .data          0x0000000040000208        0x0 /home/kwilson/PSASGIT/bob4/psas-lpc/lib/libpsaslpc.a(pll.o)
 .data          0x0000000040000208        0x0 /home/kwilson/PSASGIT/bob4/psas-lpc/lib/libpsaslpc.a(helpers.o)
 .data          0x0000000040000208        0x0 /home/kwilson/PSASGIT/bob4/psas-lpc/lib/libpsaslpc.a(mam.o)
 .data          0x0000000040000208        0x0 /home/kwilson/PSASGIT/bob4/psas-lpc/lib/libpsaslpc.a(lpc-serial.o)
 .data          0x0000000040000208        0x0 /home/kwilson/PSASGIT/bob4/psas-lpc/lib/libpsaslpc.a(interrupts.o)
 .data          0x0000000040000208        0x0 /home/kwilson/PSASGIT/bob4/psas-lpc/lib/libpsaslpc.a(olimex.o)
 .data          0x0000000040000208        0x0 /home/kwilson/LPCDEV/LPC/2148/arm-elf/lib/libc.a(lib_a-strlen.o)
 .data          0x0000000040000208        0x0 /home/kwilson/LPCDEV/LPC/2148/lib/gcc/arm-elf/4.2.3/libgcc.a(_divsi3.o)
 .data          0x0000000040000208        0x0 /home/kwilson/LPCDEV/LPC/2148/lib/gcc/arm-elf/4.2.3/libgcc.a(_modsi3.o)
 .data          0x0000000040000208        0x0 /home/kwilson/LPCDEV/LPC/2148/lib/gcc/arm-elf/4.2.3/libgcc.a(_dvmd_tls.o)
                0x0000000040000208                _edata = .

.bss            0x0000000040000208       0x98
                0x0000000040000208                _bss_start = .
 *(.bss)
 .bss           0x0000000040000208        0x0 ./crt.o
 .bss           0x0000000040000208        0x0 ./bob4.o
 .bss           0x0000000040000208        0x0 /home/kwilson/PSASGIT/bob4/psas-lpc/lib/libpsaslpc.a(pll.o)
 .bss           0x0000000040000208       0x20 /home/kwilson/PSASGIT/bob4/psas-lpc/lib/libpsaslpc.a(helpers.o)
 .bss           0x0000000040000228        0x0 /home/kwilson/PSASGIT/bob4/psas-lpc/lib/libpsaslpc.a(mam.o)
 .bss           0x0000000040000228       0x78 /home/kwilson/PSASGIT/bob4/psas-lpc/lib/libpsaslpc.a(lpc-serial.o)
 .bss           0x00000000400002a0        0x0 /home/kwilson/PSASGIT/bob4/psas-lpc/lib/libpsaslpc.a(interrupts.o)
 .bss           0x00000000400002a0        0x0 /home/kwilson/PSASGIT/bob4/psas-lpc/lib/libpsaslpc.a(olimex.o)
 .bss           0x00000000400002a0        0x0 /home/kwilson/LPCDEV/LPC/2148/arm-elf/lib/libc.a(lib_a-strlen.o)
 .bss           0x00000000400002a0        0x0 /home/kwilson/LPCDEV/LPC/2148/lib/gcc/arm-elf/4.2.3/libgcc.a(_divsi3.o)
 .bss           0x00000000400002a0        0x0 /home/kwilson/LPCDEV/LPC/2148/lib/gcc/arm-elf/4.2.3/libgcc.a(_modsi3.o)
 .bss           0x00000000400002a0        0x0 /home/kwilson/LPCDEV/LPC/2148/lib/gcc/arm-elf/4.2.3/libgcc.a(_dvmd_tls.o)
                0x00000000400002a0                . = ALIGN (0x4)
                0x00000000400002a0                _bss_end = .
                0x00000000400002a0                _end = .
OUTPUT(bob4.out elf32-littlearm)

.debug_line     0x0000000000000000      0x6b6
 .debug_line    0x0000000000000000       0x5f ./crt.o
 .debug_line    0x000000000000005f       0x86 ./bob4.o
 .debug_line    0x00000000000000e5       0x85 /home/kwilson/PSASGIT/bob4/psas-lpc/lib/libpsaslpc.a(pll.o)
 .debug_line    0x000000000000016a       0x41 /home/kwilson/PSASGIT/bob4/psas-lpc/lib/libpsaslpc.a(helpers.o)
 .debug_line    0x00000000000001ab       0x5b /home/kwilson/PSASGIT/bob4/psas-lpc/lib/libpsaslpc.a(mam.o)
 .debug_line    0x0000000000000206       0x81 /home/kwilson/PSASGIT/bob4/psas-lpc/lib/libpsaslpc.a(lpc-serial.o)
 .debug_line    0x0000000000000287      0x117 /home/kwilson/PSASGIT/bob4/psas-lpc/lib/libpsaslpc.a(interrupts.o)
 .debug_line    0x000000000000039e       0x89 /home/kwilson/PSASGIT/bob4/psas-lpc/lib/libpsaslpc.a(olimex.o)
 .debug_line    0x0000000000000427       0xcb /home/kwilson/LPCDEV/LPC/2148/arm-elf/lib/libc.a(lib_a-strlen.o)
 .debug_line    0x00000000000004f2       0xb3 /home/kwilson/LPCDEV/LPC/2148/lib/gcc/arm-elf/4.2.3/libgcc.a(_divsi3.o)
 .debug_line    0x00000000000005a5       0x96 /home/kwilson/LPCDEV/LPC/2148/lib/gcc/arm-elf/4.2.3/libgcc.a(_modsi3.o)
 .debug_line    0x000000000000063b       0x7b /home/kwilson/LPCDEV/LPC/2148/lib/gcc/arm-elf/4.2.3/libgcc.a(_dvmd_tls.o)

.debug_info     0x0000000000000000     0x1692
 .debug_info    0x0000000000000000       0x4b ./crt.o
 .debug_info    0x000000000000004b      0x23c ./bob4.o
 .debug_info    0x0000000000000287      0x26a /home/kwilson/PSASGIT/bob4/psas-lpc/lib/libpsaslpc.a(pll.o)
 .debug_info    0x00000000000004f1      0x174 /home/kwilson/PSASGIT/bob4/psas-lpc/lib/libpsaslpc.a(helpers.o)
 .debug_info    0x0000000000000665      0x140 /home/kwilson/PSASGIT/bob4/psas-lpc/lib/libpsaslpc.a(mam.o)
 .debug_info    0x00000000000007a5      0x2cf /home/kwilson/PSASGIT/bob4/psas-lpc/lib/libpsaslpc.a(lpc-serial.o)
 .debug_info    0x0000000000000a74      0x6d0 /home/kwilson/PSASGIT/bob4/psas-lpc/lib/libpsaslpc.a(interrupts.o)
 .debug_info    0x0000000000001144      0x2a1 /home/kwilson/PSASGIT/bob4/psas-lpc/lib/libpsaslpc.a(olimex.o)
 .debug_info    0x00000000000013e5       0xd3 /home/kwilson/LPCDEV/LPC/2148/arm-elf/lib/libc.a(lib_a-strlen.o)
 .debug_info    0x00000000000014b8       0x9e /home/kwilson/LPCDEV/LPC/2148/lib/gcc/arm-elf/4.2.3/libgcc.a(_divsi3.o)
 .debug_info    0x0000000000001556       0x9e /home/kwilson/LPCDEV/LPC/2148/lib/gcc/arm-elf/4.2.3/libgcc.a(_modsi3.o)
 .debug_info    0x00000000000015f4       0x9e /home/kwilson/LPCDEV/LPC/2148/lib/gcc/arm-elf/4.2.3/libgcc.a(_dvmd_tls.o)

.debug_abbrev   0x0000000000000000      0x5ad
 .debug_abbrev  0x0000000000000000       0x14 ./crt.o
 .debug_abbrev  0x0000000000000014       0x7d ./bob4.o
 .debug_abbrev  0x0000000000000091       0x9c /home/kwilson/PSASGIT/bob4/psas-lpc/lib/libpsaslpc.a(pll.o)
 .debug_abbrev  0x000000000000012d       0x78 /home/kwilson/PSASGIT/bob4/psas-lpc/lib/libpsaslpc.a(helpers.o)
 .debug_abbrev  0x00000000000001a5       0x78 /home/kwilson/PSASGIT/bob4/psas-lpc/lib/libpsaslpc.a(mam.o)
 .debug_abbrev  0x000000000000021d       0xba /home/kwilson/PSASGIT/bob4/psas-lpc/lib/libpsaslpc.a(lpc-serial.o)
 .debug_abbrev  0x00000000000002d7      0x177 /home/kwilson/PSASGIT/bob4/psas-lpc/lib/libpsaslpc.a(interrupts.o)
 .debug_abbrev  0x000000000000044e       0x91 /home/kwilson/PSASGIT/bob4/psas-lpc/lib/libpsaslpc.a(olimex.o)
 .debug_abbrev  0x00000000000004df       0x92 /home/kwilson/LPCDEV/LPC/2148/arm-elf/lib/libc.a(lib_a-strlen.o)
 .debug_abbrev  0x0000000000000571       0x14 /home/kwilson/LPCDEV/LPC/2148/lib/gcc/arm-elf/4.2.3/libgcc.a(_divsi3.o)
 .debug_abbrev  0x0000000000000585       0x14 /home/kwilson/LPCDEV/LPC/2148/lib/gcc/arm-elf/4.2.3/libgcc.a(_modsi3.o)
 .debug_abbrev  0x0000000000000599       0x14 /home/kwilson/LPCDEV/LPC/2148/lib/gcc/arm-elf/4.2.3/libgcc.a(_dvmd_tls.o)

.debug_aranges  0x0000000000000000      0x180
 .debug_aranges
                0x0000000000000000       0x20 ./crt.o
 .debug_aranges
                0x0000000000000020       0x20 ./bob4.o
 .debug_aranges
                0x0000000000000040       0x20 /home/kwilson/PSASGIT/bob4/psas-lpc/lib/libpsaslpc.a(pll.o)
 .debug_aranges
                0x0000000000000060       0x20 /home/kwilson/PSASGIT/bob4/psas-lpc/lib/libpsaslpc.a(helpers.o)
 .debug_aranges
                0x0000000000000080       0x20 /home/kwilson/PSASGIT/bob4/psas-lpc/lib/libpsaslpc.a(mam.o)
 .debug_aranges
                0x00000000000000a0       0x20 /home/kwilson/PSASGIT/bob4/psas-lpc/lib/libpsaslpc.a(lpc-serial.o)
 .debug_aranges
                0x00000000000000c0       0x20 /home/kwilson/PSASGIT/bob4/psas-lpc/lib/libpsaslpc.a(interrupts.o)
 .debug_aranges
                0x00000000000000e0       0x20 /home/kwilson/PSASGIT/bob4/psas-lpc/lib/libpsaslpc.a(olimex.o)
 .debug_aranges
                0x0000000000000100       0x20 /home/kwilson/LPCDEV/LPC/2148/arm-elf/lib/libc.a(lib_a-strlen.o)
 .debug_aranges
                0x0000000000000120       0x20 /home/kwilson/LPCDEV/LPC/2148/lib/gcc/arm-elf/4.2.3/libgcc.a(_divsi3.o)
 .debug_aranges
                0x0000000000000140       0x20 /home/kwilson/LPCDEV/LPC/2148/lib/gcc/arm-elf/4.2.3/libgcc.a(_modsi3.o)
 .debug_aranges
                0x0000000000000160       0x20 /home/kwilson/LPCDEV/LPC/2148/lib/gcc/arm-elf/4.2.3/libgcc.a(_dvmd_tls.o)

.debug_frame    0x0000000000000000      0x8e8
 .debug_frame   0x0000000000000000       0xf8 ./bob4.o
 .debug_frame   0x00000000000000f8       0xf0 /home/kwilson/PSASGIT/bob4/psas-lpc/lib/libpsaslpc.a(pll.o)
 .debug_frame   0x00000000000001e8       0x30 /home/kwilson/PSASGIT/bob4/psas-lpc/lib/libpsaslpc.a(helpers.o)
 .debug_frame   0x0000000000000218       0x70 /home/kwilson/PSASGIT/bob4/psas-lpc/lib/libpsaslpc.a(mam.o)
 .debug_frame   0x0000000000000288       0xb0 /home/kwilson/PSASGIT/bob4/psas-lpc/lib/libpsaslpc.a(lpc-serial.o)
 .debug_frame   0x0000000000000338      0x370 /home/kwilson/PSASGIT/bob4/psas-lpc/lib/libpsaslpc.a(interrupts.o)
 .debug_frame   0x00000000000006a8      0x1d0 /home/kwilson/PSASGIT/bob4/psas-lpc/lib/libpsaslpc.a(olimex.o)
 .debug_frame   0x0000000000000878       0x20 /home/kwilson/LPCDEV/LPC/2148/arm-elf/lib/libc.a(lib_a-strlen.o)
 .debug_frame   0x0000000000000898       0x28 /home/kwilson/LPCDEV/LPC/2148/lib/gcc/arm-elf/4.2.3/libgcc.a(_divsi3.o)
 .debug_frame   0x00000000000008c0       0x28 /home/kwilson/LPCDEV/LPC/2148/lib/gcc/arm-elf/4.2.3/libgcc.a(_modsi3.o)

.debug_loc      0x0000000000000000      0xaa6
 .debug_loc     0x0000000000000000      0x126 ./bob4.o
 .debug_loc     0x0000000000000126      0x126 /home/kwilson/PSASGIT/bob4/psas-lpc/lib/libpsaslpc.a(pll.o)
 .debug_loc     0x000000000000024c       0x2a /home/kwilson/PSASGIT/bob4/psas-lpc/lib/libpsaslpc.a(helpers.o)
 .debug_loc     0x0000000000000276       0x7e /home/kwilson/PSASGIT/bob4/psas-lpc/lib/libpsaslpc.a(mam.o)
 .debug_loc     0x00000000000002f4       0xd2 /home/kwilson/PSASGIT/bob4/psas-lpc/lib/libpsaslpc.a(lpc-serial.o)
 .debug_loc     0x00000000000003c6      0x46e /home/kwilson/PSASGIT/bob4/psas-lpc/lib/libpsaslpc.a(interrupts.o)
 .debug_loc     0x0000000000000834      0x24c /home/kwilson/PSASGIT/bob4/psas-lpc/lib/libpsaslpc.a(olimex.o)
 .debug_loc     0x0000000000000a80       0x26 /home/kwilson/LPCDEV/LPC/2148/arm-elf/lib/libc.a(lib_a-strlen.o)

.debug_pubnames
                0x0000000000000000      0x4c4
 .debug_pubnames
                0x0000000000000000       0x9e ./bob4.o
 .debug_pubnames
                0x000000000000009e       0x7d /home/kwilson/PSASGIT/bob4/psas-lpc/lib/libpsaslpc.a(pll.o)
 .debug_pubnames
                0x000000000000011b       0x1b /home/kwilson/PSASGIT/bob4/psas-lpc/lib/libpsaslpc.a(helpers.o)
 .debug_pubnames
                0x0000000000000136       0x3f /home/kwilson/PSASGIT/bob4/psas-lpc/lib/libpsaslpc.a(mam.o)
 .debug_pubnames
                0x0000000000000175       0x70 /home/kwilson/PSASGIT/bob4/psas-lpc/lib/libpsaslpc.a(lpc-serial.o)
 .debug_pubnames
                0x00000000000001e5      0x1e6 /home/kwilson/PSASGIT/bob4/psas-lpc/lib/libpsaslpc.a(interrupts.o)
 .debug_pubnames
                0x00000000000003cb       0xdc /home/kwilson/PSASGIT/bob4/psas-lpc/lib/libpsaslpc.a(olimex.o)
 .debug_pubnames
                0x00000000000004a7       0x1d /home/kwilson/LPCDEV/LPC/2148/arm-elf/lib/libc.a(lib_a-strlen.o)

.comment        0x0000000000000000       0x90
 .comment       0x0000000000000000       0x12 ./bob4.o
 .comment       0x0000000000000012       0x12 /home/kwilson/PSASGIT/bob4/psas-lpc/lib/libpsaslpc.a(pll.o)
 .comment       0x0000000000000024       0x12 /home/kwilson/PSASGIT/bob4/psas-lpc/lib/libpsaslpc.a(helpers.o)
 .comment       0x0000000000000036       0x12 /home/kwilson/PSASGIT/bob4/psas-lpc/lib/libpsaslpc.a(mam.o)
 .comment       0x0000000000000048       0x12 /home/kwilson/PSASGIT/bob4/psas-lpc/lib/libpsaslpc.a(lpc-serial.o)
 .comment       0x000000000000005a       0x12 /home/kwilson/PSASGIT/bob4/psas-lpc/lib/libpsaslpc.a(interrupts.o)
 .comment       0x000000000000006c       0x12 /home/kwilson/PSASGIT/bob4/psas-lpc/lib/libpsaslpc.a(olimex.o)
 .comment       0x000000000000007e       0x12 /home/kwilson/LPCDEV/LPC/2148/arm-elf/lib/libc.a(lib_a-strlen.o)

.debug_str      0x0000000000000000      0x105
 .debug_str     0x0000000000000000       0x21 /home/kwilson/PSASGIT/bob4/psas-lpc/lib/libpsaslpc.a(pll.o)
 .debug_str     0x0000000000000021       0x19 /home/kwilson/PSASGIT/bob4/psas-lpc/lib/libpsaslpc.a(interrupts.o)
 .debug_str     0x000000000000003a       0xcb /home/kwilson/LPCDEV/LPC/2148/arm-elf/lib/libc.a(lib_a-strlen.o)
                                        0x104 (size before relaxing)
